#0 building with "default" instance using docker driver

#1 [internal] load build definition from Dockerfile
#1 transferring dockerfile: 183B done
#1 DONE 0.1s

#2 [internal] load metadata for docker.io/library/node:18-alpine
#2 ...

#3 [auth] library/node:pull token for registry-1.docker.io
#3 DONE 0.0s

#2 [internal] load metadata for docker.io/library/node:18-alpine
#2 DONE 2.9s

#4 [internal] load .dockerignore
#4 transferring context: 102B done
#4 DONE 0.0s

#5 [internal] load build context
#5 transferring context: 155.69kB 0.0s done
#5 DONE 0.1s

#6 [1/5] FROM docker.io/library/node:18-alpine@sha256:8d6421d663b4c28fd3ebc498332f249011d118945588d0a35cb9bc4b8ca09d9e
#6 resolve docker.io/library/node:18-alpine@sha256:8d6421d663b4c28fd3ebc498332f249011d118945588d0a35cb9bc4b8ca09d9e 0.1s done
#6 DONE 0.2s

#6 [1/5] FROM docker.io/library/node:18-alpine@sha256:8d6421d663b4c28fd3ebc498332f249011d118945588d0a35cb9bc4b8ca09d9e
#6 sha256:25ff2da83641908f65c3a74d80409d6b1b62ccfaab220b9ea70b80df5a2e0549 0B / 446B 0.2s
#6 sha256:1e5a4c89cee5c0826c540ab06d4b6b491c96eda01837f430bd47f0d26702d6e3 0B / 1.26MB 0.2s
#6 sha256:dd71dde834b5c203d162902e6b8994cb2309ae049a0eabc4efea161b2b5a3d0e 0B / 40.01MB 0.2s
#6 sha256:f18232174bc91741fdf3da96d85011092101a032a93a388b79e99e69c2d5c870 0B / 3.64MB 0.2s
#6 sha256:25ff2da83641908f65c3a74d80409d6b1b62ccfaab220b9ea70b80df5a2e0549 446B / 446B 0.5s done
#6 sha256:1e5a4c89cee5c0826c540ab06d4b6b491c96eda01837f430bd47f0d26702d6e3 1.26MB / 1.26MB 1.2s done
#6 sha256:dd71dde834b5c203d162902e6b8994cb2309ae049a0eabc4efea161b2b5a3d0e 3.15MB / 40.01MB 1.8s
#6 sha256:f18232174bc91741fdf3da96d85011092101a032a93a388b79e99e69c2d5c870 1.05MB / 3.64MB 1.8s
#6 sha256:f18232174bc91741fdf3da96d85011092101a032a93a388b79e99e69c2d5c870 2.10MB / 3.64MB 1.9s
#6 sha256:f18232174bc91741fdf3da96d85011092101a032a93a388b79e99e69c2d5c870 3.64MB / 3.64MB 2.2s done
#6 sha256:dd71dde834b5c203d162902e6b8994cb2309ae049a0eabc4efea161b2b5a3d0e 6.29MB / 40.01MB 2.2s
#6 extracting sha256:f18232174bc91741fdf3da96d85011092101a032a93a388b79e99e69c2d5c870 0.1s done
#6 sha256:dd71dde834b5c203d162902e6b8994cb2309ae049a0eabc4efea161b2b5a3d0e 8.39MB / 40.01MB 2.7s
#6 sha256:dd71dde834b5c203d162902e6b8994cb2309ae049a0eabc4efea161b2b5a3d0e 10.49MB / 40.01MB 2.9s
#6 sha256:dd71dde834b5c203d162902e6b8994cb2309ae049a0eabc4efea161b2b5a3d0e 14.68MB / 40.01MB 3.1s
#6 sha256:dd71dde834b5c203d162902e6b8994cb2309ae049a0eabc4efea161b2b5a3d0e 16.78MB / 40.01MB 3.3s
#6 sha256:dd71dde834b5c203d162902e6b8994cb2309ae049a0eabc4efea161b2b5a3d0e 18.87MB / 40.01MB 3.4s
#6 sha256:dd71dde834b5c203d162902e6b8994cb2309ae049a0eabc4efea161b2b5a3d0e 20.97MB / 40.01MB 3.6s
#6 sha256:dd71dde834b5c203d162902e6b8994cb2309ae049a0eabc4efea161b2b5a3d0e 24.12MB / 40.01MB 3.7s
#6 sha256:dd71dde834b5c203d162902e6b8994cb2309ae049a0eabc4efea161b2b5a3d0e 27.26MB / 40.01MB 3.9s
#6 sha256:dd71dde834b5c203d162902e6b8994cb2309ae049a0eabc4efea161b2b5a3d0e 29.36MB / 40.01MB 4.2s
#6 sha256:dd71dde834b5c203d162902e6b8994cb2309ae049a0eabc4efea161b2b5a3d0e 31.46MB / 40.01MB 4.4s
#6 sha256:dd71dde834b5c203d162902e6b8994cb2309ae049a0eabc4efea161b2b5a3d0e 33.55MB / 40.01MB 4.7s
#6 sha256:dd71dde834b5c203d162902e6b8994cb2309ae049a0eabc4efea161b2b5a3d0e 36.70MB / 40.01MB 5.3s
#6 sha256:dd71dde834b5c203d162902e6b8994cb2309ae049a0eabc4efea161b2b5a3d0e 40.01MB / 40.01MB 5.7s done
#6 extracting sha256:dd71dde834b5c203d162902e6b8994cb2309ae049a0eabc4efea161b2b5a3d0e
#6 extracting sha256:dd71dde834b5c203d162902e6b8994cb2309ae049a0eabc4efea161b2b5a3d0e 1.0s done
#6 DONE 6.9s

#6 [1/5] FROM docker.io/library/node:18-alpine@sha256:8d6421d663b4c28fd3ebc498332f249011d118945588d0a35cb9bc4b8ca09d9e
#6 extracting sha256:1e5a4c89cee5c0826c540ab06d4b6b491c96eda01837f430bd47f0d26702d6e3 0.0s done
#6 extracting sha256:25ff2da83641908f65c3a74d80409d6b1b62ccfaab220b9ea70b80df5a2e0549 0.0s done
#6 DONE 7.0s

#7 [2/5] WORKDIR /app
#7 DONE 0.2s

#8 [3/5] COPY package*.json ./
#8 DONE 0.1s

#9 [4/5] RUN npm ci --omit=dev
#9 2.441 
#9 2.441 added 68 packages, and audited 69 packages in 2s
#9 2.441 
#9 2.441 15 packages are looking for funding
#9 2.441   run `npm fund` for details
#9 2.443 
#9 2.443 found 0 vulnerabilities
#9 2.444 npm notice
#9 2.444 npm notice New major version of npm available! 10.8.2 -> 11.10.0
#9 2.444 npm notice Changelog: https://github.com/npm/cli/releases/tag/v11.10.0
#9 2.444 npm notice To update run: npm install -g npm@11.10.0
#9 2.444 npm notice
#9 DONE 2.5s

#10 [5/5] COPY src ./src
#10 DONE 0.1s

#11 exporting to image
#11 exporting layers
#11 exporting layers 0.3s done
#11 exporting manifest sha256:d6c7caa70c6f2fdbef1bdf57d5dbfc43c682894cd7c2b384bfe5b4ab676aae28 0.0s done
#11 exporting config sha256:e5e7d413ced461c3fa3d133aa395c21804765ae02a3e13e8c28da8b6b4aa2ba9 0.0s done
#11 exporting attestation manifest sha256:2b183f99b43c7a2cd2587875b6dfef4bf57db280c3cb9d31cf9199f31f911926 0.0s done
#11 exporting manifest list sha256:8e95294423fe31193914c979635754a585de7c179ce579205ebdeccd0ef90791 0.0s done
#11 naming to docker.io/library/jenkins-ci-cd-demo:sprint1
#11 naming to docker.io/library/jenkins-ci-cd-demo:sprint1 done
#11 unpacking to docker.io/library/jenkins-ci-cd-demo:sprint1
#11 unpacking to docker.io/library/jenkins-ci-cd-demo:sprint1 0.3s done
#11 DONE 0.7s
