[Checkout] Cloning repository
[Install/Build] npm ci
npm WARN deprecated inflight@1.0.6: This module is not supported, and leaks memory. Do not use it. Check out lru-cache if you want a good and tested way to coalesce async requests by a key value, which is much more comprehensive and powerful.
npm WARN deprecated glob@7.2.3: Old versions of glob are not supported, and contain widely publicized security vulnerabilities, which have been fixed in the current version. Please update. Support for old versions may be purchased (at exorbitant rates) by contacting i@izs.me

added 337 packages, and audited 338 packages in 3s

46 packages are looking for funding
  run `npm fund` for details

found 0 vulnerabilities
[Test] npm test

> jenkins-ci-cd@1.0.0 test
> jest --runInBand

  console.log
    {"level":"info","event":"http_request","method":"GET","path":"/","statusCode":200,"durationMs":0.35}

      at ServerResponse.log (src/app.js:22:13)

  console.log
    {"level":"info","event":"http_request","method":"GET","path":"/health","statusCode":200,"durationMs":0.23}

      at ServerResponse.log (src/app.js:22:13)

  console.log
    {"level":"info","event":"http_request","method":"GET","path":"/metrics","statusCode":200,"durationMs":0.36}

      at ServerResponse.log (src/app.js:22:13)

  console.log
    {"level":"info","event":"http_request","method":"GET","path":"/does-not-exist","statusCode":404,"durationMs":0.21}

      at ServerResponse.log (src/app.js:22:13)

PASS test/app.test.js
  Express service
    ✓ returns metadata on GET / (30 ms)
    ✓ returns healthy status data on GET /health (9 ms)
    ✓ returns metrics on GET /metrics (7 ms)
    ✓ returns 404 on unknown routes (6 ms)

Test Suites: 1 passed, 1 total
Tests:       4 passed, 4 total
Snapshots:   0 total
Time:        0.421 s, estimated 1 s
Ran all test suites.
[Docker Build] docker build -t jenkins-ci-cd-demo:sim-sprint2 .
#0 building with "default" instance using docker driver

#1 [internal] load build definition from Dockerfile
#1 transferring dockerfile: 183B done
#1 DONE 0.0s

#2 [internal] load metadata for docker.io/library/node:18-alpine
#2 DONE 0.8s

#3 [internal] load .dockerignore
#3 transferring context: 102B done
#3 DONE 0.0s

#4 [internal] load build context
#4 transferring context: 158B done
#4 DONE 0.0s

#5 [1/5] FROM docker.io/library/node:18-alpine@sha256:8d6421d663b4c28fd3ebc498332f249011d118945588d0a35cb9bc4b8ca09d9e
#5 resolve docker.io/library/node:18-alpine@sha256:8d6421d663b4c28fd3ebc498332f249011d118945588d0a35cb9bc4b8ca09d9e 0.1s done
#5 DONE 0.1s

#6 [4/5] RUN npm ci --omit=dev
#6 CACHED

#7 [2/5] WORKDIR /app
#7 CACHED

#8 [3/5] COPY package*.json ./
#8 CACHED

#9 [5/5] COPY src ./src
#9 CACHED

#10 exporting to image
#10 exporting layers done
#10 exporting manifest sha256:b63a7edce691b171b323cc378181189d278ba75509126f94ca91a96425a6e52e 0.0s done
#10 exporting config sha256:4ff08155a7b6310bbc14e00b01529275d790d82759ac377bd2af92568114431e
#10 exporting config sha256:4ff08155a7b6310bbc14e00b01529275d790d82759ac377bd2af92568114431e done
#10 exporting attestation manifest sha256:088f8e9f92cd153dd7bb5815429402dacd97e519790dd6d9f58a382708148533 0.1s done
#10 exporting manifest list sha256:975a32b036e2f879813f6a3ab05d51d4c7a8efcafbaee1eaec1255b08d91de7a 0.0s done
#10 naming to docker.io/library/jenkins-ci-cd-demo:sim-sprint2
#10 naming to docker.io/library/jenkins-ci-cd-demo:sim-sprint2 done
#10 unpacking to docker.io/library/jenkins-ci-cd-demo:sim-sprint2
#10 unpacking to docker.io/library/jenkins-ci-cd-demo:sim-sprint2 0.3s done
#10 DONE 0.5s
[Deploy] Simulated in local environment
[Monitor] Health endpoint check passed via verify-local workflow
[Pipeline] SUCCESS
