[Checkout] Cloning repository
[Install/Build] npm ci
npm WARN deprecated inflight@1.0.6: This module is not supported, and leaks memory. Do not use it. Check out lru-cache if you want a good and tested way to coalesce async requests by a key value, which is much more comprehensive and powerful.
npm WARN deprecated glob@7.2.3: Old versions of glob are not supported, and contain widely publicized security vulnerabilities, which have been fixed in the current version. Please update. Support for old versions may be purchased (at exorbitant rates) by contacting i@izs.me

added 337 packages, and audited 338 packages in 3s

46 packages are looking for funding
  run `npm fund` for details

found 0 vulnerabilities
[Test] npm test

> jenkins-ci-cd@1.0.0 test
> jest --runInBand

PASS test/app.test.js
  Express service
    ✓ returns metadata on GET / (6 ms)
    ✓ returns 404 on unknown routes (1 ms)

Test Suites: 1 passed, 1 total
Tests:       2 passed, 2 total
Snapshots:   0 total
Time:        0.327 s, estimated 1 s
Ran all test suites.
[Docker Build] docker build -t jenkins-ci-cd-demo:sim-success .
#0 building with "default" instance using docker driver

#1 [internal] load build definition from Dockerfile
#1 transferring dockerfile: 183B done
#1 DONE 0.0s

#2 [internal] load metadata for docker.io/library/node:18-alpine
#2 DONE 0.8s

#3 [internal] load .dockerignore
#3 transferring context: 102B done
#3 DONE 0.0s

#4 [internal] load build context
#4 transferring context: 158B done
#4 DONE 0.0s

#5 [1/5] FROM docker.io/library/node:18-alpine@sha256:8d6421d663b4c28fd3ebc498332f249011d118945588d0a35cb9bc4b8ca09d9e
#5 resolve docker.io/library/node:18-alpine@sha256:8d6421d663b4c28fd3ebc498332f249011d118945588d0a35cb9bc4b8ca09d9e 0.0s done
#5 DONE 0.0s

#6 [2/5] WORKDIR /app
#6 CACHED

#7 [4/5] RUN npm ci --omit=dev
#7 CACHED

#8 [3/5] COPY package*.json ./
#8 CACHED

#9 [5/5] COPY src ./src
#9 CACHED

#10 exporting to image
#10 exporting layers done
#10 exporting manifest sha256:d6c7caa70c6f2fdbef1bdf57d5dbfc43c682894cd7c2b384bfe5b4ab676aae28 done
#10 exporting config sha256:e5e7d413ced461c3fa3d133aa395c21804765ae02a3e13e8c28da8b6b4aa2ba9 done
#10 exporting attestation manifest sha256:e3b214061eaccfb45d9cf3142cc1ecad6b2c894234c910b5687d3cda1c75d6ca 0.0s done
#10 exporting manifest list sha256:5097236b4d0d1e4024964a58601ba4b6f832dbfb311249c863d2ee091711e332
#10 exporting manifest list sha256:5097236b4d0d1e4024964a58601ba4b6f832dbfb311249c863d2ee091711e332 0.0s done
#10 naming to docker.io/library/jenkins-ci-cd-demo:sim-success done
#10 unpacking to docker.io/library/jenkins-ci-cd-demo:sim-success 0.0s done
#10 DONE 0.1s
[Push Image] Skipped in local simulation (requires registry credentials)
[Deploy] Skipped in local simulation (requires EC2 SSH)
[Pipeline] SUCCESS
